Copyright 1986-2022 Xilinx, Inc. All Rights Reserved. Copyright 2022-2024 Advanced Micro Devices, Inc. All Rights Reserved.
---------------------------------------------------------------------------------------------------------------------------------------------------------------------------------------------------------------------------
| Tool Version : Vivado v.2024.1 (win64) Build 5076996 Wed May 22 18:37:14 MDT 2024
| Date         : Fri Dec 12 15:51:44 2025
| Host         : BOOK-4TE58G2232 running 64-bit major release  (build 9200)
| Command      : report_timing_summary -max_paths 10 -report_unconstrained -file top_system_timing_summary_routed.rpt -pb top_system_timing_summary_routed.pb -rpx top_system_timing_summary_routed.rpx -warn_on_violation
| Design       : top_system
| Device       : 7s75-fgga484
| Speed File   : -1  PRODUCTION 1.23 2018-06-13
| Design State : Routed
---------------------------------------------------------------------------------------------------------------------------------------------------------------------------------------------------------------------------

Timing Summary Report

------------------------------------------------------------------------------------------------
| Timer Settings
| --------------
------------------------------------------------------------------------------------------------

  Enable Multi Corner Analysis               :  Yes
  Enable Pessimism Removal                   :  Yes
  Pessimism Removal Resolution               :  Nearest Common Node
  Enable Input Delay Default Clock           :  No
  Enable Preset / Clear Arcs                 :  No
  Disable Flight Delays                      :  No
  Ignore I/O Paths                           :  No
  Timing Early Launch at Borrowing Latches   :  No
  Borrow Time for Max Delay Exceptions       :  Yes
  Merge Timing Exceptions                    :  Yes
  Inter-SLR Compensation                     :  Conservative

  Corner  Analyze    Analyze    
  Name    Max Paths  Min Paths  
  ------  ---------  ---------  
  Slow    Yes        Yes        
  Fast    Yes        Yes        


------------------------------------------------------------------------------------------------
| Report Methodology
| ------------------
------------------------------------------------------------------------------------------------

Rule       Severity          Description                  Violations  
---------  ----------------  ---------------------------  ----------  
TIMING-17  Critical Warning  Non-clocked sequential cell  719         

Note: This report is based on the most recent report_methodology run and may not be up-to-date. Run report_methodology on the current design for the latest report.



check_timing report

Table of Contents
-----------------
1. checking no_clock (719)
2. checking constant_clock (0)
3. checking pulse_width_clock (0)
4. checking unconstrained_internal_endpoints (1693)
5. checking no_input_delay (14)
6. checking no_output_delay (37)
7. checking multiple_clock (0)
8. checking generated_clocks (0)
9. checking loops (0)
10. checking partial_input_delay (0)
11. checking partial_output_delay (0)
12. checking latch_loops (0)

1. checking no_clock (719)
--------------------------
 There are 674 register/latch pins with no clock driven by root clock pin: clk (HIGH)

 There are 45 register/latch pins with no clock driven by root clock pin: u_lcd/clk_100hz_reg/Q (HIGH)


2. checking constant_clock (0)
------------------------------
 There are 0 register/latch pins with constant_clock.


3. checking pulse_width_clock (0)
---------------------------------
 There are 0 register/latch pins which need pulse_width check


4. checking unconstrained_internal_endpoints (1693)
---------------------------------------------------
 There are 1693 pins that are not constrained for maximum delay. (HIGH)

 There are 0 pins that are not constrained for maximum delay due to constant clock.


5. checking no_input_delay (14)
-------------------------------
 There are 14 input ports with no input delay specified. (HIGH)

 There are 0 input ports with no input delay but user has a false path constraint.


6. checking no_output_delay (37)
--------------------------------
 There are 37 ports with no output delay specified. (HIGH)

 There are 0 ports with no output delay but user has a false path constraint

 There are 0 ports with no output delay but with a timing clock defined on it or propagating through it


7. checking multiple_clock (0)
------------------------------
 There are 0 register/latch pins with multiple clocks.


8. checking generated_clocks (0)
--------------------------------
 There are 0 generated clocks that are not connected to a clock source.


9. checking loops (0)
---------------------
 There are 0 combinational loops in the design.


10. checking partial_input_delay (0)
------------------------------------
 There are 0 input ports with partial input delay specified.


11. checking partial_output_delay (0)
-------------------------------------
 There are 0 ports with partial output delay specified.


12. checking latch_loops (0)
----------------------------
 There are 0 combinational latch loops in the design through latch input



------------------------------------------------------------------------------------------------
| Design Timing Summary
| ---------------------
------------------------------------------------------------------------------------------------

    WNS(ns)      TNS(ns)  TNS Failing Endpoints  TNS Total Endpoints      WHS(ns)      THS(ns)  THS Failing Endpoints  THS Total Endpoints     WPWS(ns)     TPWS(ns)  TPWS Failing Endpoints  TPWS Total Endpoints  
    -------      -------  ---------------------  -------------------      -------      -------  ---------------------  -------------------     --------     --------  ----------------------  --------------------  
        inf        0.000                      0                 1730          inf        0.000                      0                 1730           NA           NA                      NA                    NA  


There are no user specified timing constraints.


------------------------------------------------------------------------------------------------
| Clock Summary
| -------------
------------------------------------------------------------------------------------------------


------------------------------------------------------------------------------------------------
| Intra Clock Table
| -----------------
------------------------------------------------------------------------------------------------

Clock             WNS(ns)      TNS(ns)  TNS Failing Endpoints  TNS Total Endpoints      WHS(ns)      THS(ns)  THS Failing Endpoints  THS Total Endpoints     WPWS(ns)     TPWS(ns)  TPWS Failing Endpoints  TPWS Total Endpoints  
-----             -------      -------  ---------------------  -------------------      -------      -------  ---------------------  -------------------     --------     --------  ----------------------  --------------------  


------------------------------------------------------------------------------------------------
| Inter Clock Table
| -----------------
------------------------------------------------------------------------------------------------

From Clock    To Clock          WNS(ns)      TNS(ns)  TNS Failing Endpoints  TNS Total Endpoints      WHS(ns)      THS(ns)  THS Failing Endpoints  THS Total Endpoints  
----------    --------          -------      -------  ---------------------  -------------------      -------      -------  ---------------------  -------------------  


------------------------------------------------------------------------------------------------
| Other Path Groups Table
| -----------------------
------------------------------------------------------------------------------------------------

Path Group    From Clock    To Clock          WNS(ns)      TNS(ns)  TNS Failing Endpoints  TNS Total Endpoints      WHS(ns)      THS(ns)  THS Failing Endpoints  THS Total Endpoints  
----------    ----------    --------          -------      -------  ---------------------  -------------------      -------      -------  ---------------------  -------------------  


------------------------------------------------------------------------------------------------
| User Ignored Path Table
| -----------------------
------------------------------------------------------------------------------------------------

Path Group    From Clock    To Clock    
----------    ----------    --------    


------------------------------------------------------------------------------------------------
| Unconstrained Path Table
| ------------------------
------------------------------------------------------------------------------------------------

Path Group    From Clock    To Clock    
----------    ----------    --------    
(none)                                    


------------------------------------------------------------------------------------------------
| Timing Details
| --------------
------------------------------------------------------------------------------------------------


--------------------------------------------------------------------------------------
Path Group:  (none)
From Clock:  
  To Clock:  

Max Delay          1730 Endpoints
Min Delay          1730 Endpoints
--------------------------------------------------------------------------------------


Max Delay Paths
--------------------------------------------------------------------------------------
Slack:                    inf
  Source:                 u_dday/t_m_ten_reg[0]/C
                            (rising edge-triggered cell FDPE)
  Destination:            u_dday/seg_data_reg_reg[1]/D
  Path Group:             (none)
  Path Type:              Max at Slow Process Corner
  Data Path Delay:        17.112ns  (logic 5.415ns (31.645%)  route 11.697ns (68.355%))
  Logic Levels:           21  (CARRY4=7 FDPE=1 LUT2=2 LUT3=2 LUT4=1 LUT5=2 LUT6=6)

    Location             Delay type                Incr(ns)  Path(ns)    Netlist Resource(s)
  -------------------------------------------------------------------    -------------------
    SLICE_X73Y129        FDPE                         0.000     0.000 r  u_dday/t_m_ten_reg[0]/C
    SLICE_X73Y129        FDPE (Prop_fdpe_C_Q)         0.456     0.456 f  u_dday/t_m_ten_reg[0]/Q
                         net (fo=14, routed)          1.196     1.652    u_dday/t_m_ten__0[0]
    SLICE_X71Y131        LUT5 (Prop_lut5_I3_O)        0.124     1.776 r  u_dday/seg_data_reg[6]_i_25__0/O
                         net (fo=2, routed)           0.767     2.544    u_dday/seg_data_reg[6]_i_25__0_n_0
    SLICE_X71Y132        LUT5 (Prop_lut5_I0_O)        0.124     2.668 r  u_dday/seg_data_reg[6]_i_28__0/O
                         net (fo=1, routed)           0.000     2.668    u_dday/seg_data_reg[6]_i_28__0_n_0
    SLICE_X71Y132        CARRY4 (Prop_carry4_S[2]_CO[3])
                                                      0.398     3.066 r  u_dday/seg_data_reg_reg[6]_i_10/CO[3]
                         net (fo=1, routed)           0.000     3.066    u_dday/seg_data_reg_reg[6]_i_10_n_0
    SLICE_X71Y133        CARRY4 (Prop_carry4_CI_O[1])
                                                      0.334     3.400 r  u_dday/seg_data_reg_reg[6]_i_8__0/O[1]
                         net (fo=8, routed)           0.707     4.107    u_dday/target_total_days[5]
    SLICE_X70Y133        LUT4 (Prop_lut4_I2_O)        0.303     4.410 f  u_dday/seg_data_reg[6]_i_7__6/O
                         net (fo=3, routed)           0.881     5.290    u_dday/seg_data_reg[6]_i_7__6_n_0
    SLICE_X69Y134        LUT6 (Prop_lut6_I0_O)        0.124     5.414 f  u_dday/seg_data_reg[6]_i_2__4/O
                         net (fo=22, routed)          1.922     7.336    u_dday/is_dday_today
    SLICE_X66Y133        LUT3 (Prop_lut3_I0_O)        0.150     7.486 r  u_dday/seg_data_reg[7]_i_11__0/O
                         net (fo=9, routed)           0.682     8.168    u_dday/d_day_diff[0]
    SLICE_X68Y132        LUT2 (Prop_lut2_I1_O)        0.328     8.496 r  u_dday/seg_data_reg[5]_i_72/O
                         net (fo=1, routed)           0.000     8.496    u_dday/seg_data_reg[5]_i_72_n_0
    SLICE_X68Y132        CARRY4 (Prop_carry4_S[1]_CO[3])
                                                      0.550     9.046 r  u_dday/seg_data_reg_reg[5]_i_64/CO[3]
                         net (fo=1, routed)           0.000     9.046    u_dday/seg_data_reg_reg[5]_i_64_n_0
    SLICE_X68Y133        CARRY4 (Prop_carry4_CI_CO[3])
                                                      0.114     9.160 r  u_dday/seg_data_reg_reg[5]_i_61/CO[3]
                         net (fo=1, routed)           0.000     9.160    u_dday/seg_data_reg_reg[5]_i_61_n_0
    SLICE_X68Y134        CARRY4 (Prop_carry4_CI_O[0])
                                                      0.222     9.382 r  u_dday/seg_data_reg_reg[5]_i_60/O[0]
                         net (fo=4, routed)           1.078    10.460    u_dday/seg_data_reg_reg[5]_i_60_n_7
    SLICE_X66Y133        LUT2 (Prop_lut2_I1_O)        0.299    10.759 r  u_dday/seg_data_reg[5]_i_51/O
                         net (fo=1, routed)           0.000    10.759    u_dday/seg_data_reg[5]_i_51_n_0
    SLICE_X66Y133        CARRY4 (Prop_carry4_S[1]_CO[3])
                                                      0.533    11.292 r  u_dday/seg_data_reg_reg[5]_i_31/CO[3]
                         net (fo=1, routed)           0.000    11.292    u_dday/seg_data_reg_reg[5]_i_31_n_0
    SLICE_X66Y134        CARRY4 (Prop_carry4_CI_O[2])
                                                      0.239    11.531 r  u_dday/seg_data_reg_reg[5]_i_32/O[2]
                         net (fo=8, routed)           1.128    12.659    u_dday/seg_data_reg_reg[5]_i_32_n_5
    SLICE_X64Y132        LUT6 (Prop_lut6_I0_O)        0.301    12.960 r  u_dday/seg_data_reg[5]_i_29/O
                         net (fo=1, routed)           0.647    13.607    u_dday/seg_data_reg[5]_i_29_n_0
    SLICE_X64Y133        LUT6 (Prop_lut6_I1_O)        0.124    13.731 r  u_dday/seg_data_reg[5]_i_9__1/O
                         net (fo=8, routed)           0.455    14.186    u_dday/seg_data_reg[5]_i_9__1_n_0
    SLICE_X64Y135        LUT3 (Prop_lut3_I1_O)        0.118    14.304 r  u_dday/seg_data_reg[1]_i_7__4/O
                         net (fo=1, routed)           0.858    15.162    u_dday/seg_data_reg[1]_i_7__4_n_0
    SLICE_X65Y135        LUT6 (Prop_lut6_I0_O)        0.326    15.488 r  u_dday/seg_data_reg[1]_i_4__6/O
                         net (fo=1, routed)           0.794    16.282    u_dday/seg_data_reg[1]_i_4__6_n_0
    SLICE_X69Y135        LUT6 (Prop_lut6_I5_O)        0.124    16.406 f  u_dday/seg_data_reg[1]_i_2__7/O
                         net (fo=1, routed)           0.582    16.988    u_dday/seg_data_reg[1]_i_2__7_n_0
    SLICE_X71Y135        LUT6 (Prop_lut6_I0_O)        0.124    17.112 r  u_dday/seg_data_reg[1]_i_1__5/O
                         net (fo=1, routed)           0.000    17.112    u_dday/p_0_in__0[1]
    SLICE_X71Y135        FDRE                                         r  u_dday/seg_data_reg_reg[1]/D
  -------------------------------------------------------------------    -------------------

Slack:                    inf
  Source:                 u_dday/t_m_ten_reg[0]/C
                            (rising edge-triggered cell FDPE)
  Destination:            u_dday/seg_data_reg_reg[2]/D
  Path Group:             (none)
  Path Type:              Max at Slow Process Corner
  Data Path Delay:        16.405ns  (logic 5.095ns (31.058%)  route 11.310ns (68.942%))
  Logic Levels:           20  (CARRY4=7 FDPE=1 LUT2=2 LUT3=1 LUT4=1 LUT5=2 LUT6=6)

    Location             Delay type                Incr(ns)  Path(ns)    Netlist Resource(s)
  -------------------------------------------------------------------    -------------------
    SLICE_X73Y129        FDPE                         0.000     0.000 r  u_dday/t_m_ten_reg[0]/C
    SLICE_X73Y129        FDPE (Prop_fdpe_C_Q)         0.456     0.456 f  u_dday/t_m_ten_reg[0]/Q
                         net (fo=14, routed)          1.196     1.652    u_dday/t_m_ten__0[0]
    SLICE_X71Y131        LUT5 (Prop_lut5_I3_O)        0.124     1.776 r  u_dday/seg_data_reg[6]_i_25__0/O
                         net (fo=2, routed)           0.767     2.544    u_dday/seg_data_reg[6]_i_25__0_n_0
    SLICE_X71Y132        LUT5 (Prop_lut5_I0_O)        0.124     2.668 r  u_dday/seg_data_reg[6]_i_28__0/O
                         net (fo=1, routed)           0.000     2.668    u_dday/seg_data_reg[6]_i_28__0_n_0
    SLICE_X71Y132        CARRY4 (Prop_carry4_S[2]_CO[3])
                                                      0.398     3.066 r  u_dday/seg_data_reg_reg[6]_i_10/CO[3]
                         net (fo=1, routed)           0.000     3.066    u_dday/seg_data_reg_reg[6]_i_10_n_0
    SLICE_X71Y133        CARRY4 (Prop_carry4_CI_O[1])
                                                      0.334     3.400 r  u_dday/seg_data_reg_reg[6]_i_8__0/O[1]
                         net (fo=8, routed)           0.707     4.107    u_dday/target_total_days[5]
    SLICE_X70Y133        LUT4 (Prop_lut4_I2_O)        0.303     4.410 f  u_dday/seg_data_reg[6]_i_7__6/O
                         net (fo=3, routed)           0.881     5.290    u_dday/seg_data_reg[6]_i_7__6_n_0
    SLICE_X69Y134        LUT6 (Prop_lut6_I0_O)        0.124     5.414 f  u_dday/seg_data_reg[6]_i_2__4/O
                         net (fo=22, routed)          1.922     7.336    u_dday/is_dday_today
    SLICE_X66Y133        LUT3 (Prop_lut3_I0_O)        0.150     7.486 r  u_dday/seg_data_reg[7]_i_11__0/O
                         net (fo=9, routed)           0.682     8.168    u_dday/d_day_diff[0]
    SLICE_X68Y132        LUT2 (Prop_lut2_I1_O)        0.328     8.496 r  u_dday/seg_data_reg[5]_i_72/O
                         net (fo=1, routed)           0.000     8.496    u_dday/seg_data_reg[5]_i_72_n_0
    SLICE_X68Y132        CARRY4 (Prop_carry4_S[1]_CO[3])
                                                      0.550     9.046 r  u_dday/seg_data_reg_reg[5]_i_64/CO[3]
                         net (fo=1, routed)           0.000     9.046    u_dday/seg_data_reg_reg[5]_i_64_n_0
    SLICE_X68Y133        CARRY4 (Prop_carry4_CI_CO[3])
                                                      0.114     9.160 r  u_dday/seg_data_reg_reg[5]_i_61/CO[3]
                         net (fo=1, routed)           0.000     9.160    u_dday/seg_data_reg_reg[5]_i_61_n_0
    SLICE_X68Y134        CARRY4 (Prop_carry4_CI_O[0])
                                                      0.222     9.382 r  u_dday/seg_data_reg_reg[5]_i_60/O[0]
                         net (fo=4, routed)           1.078    10.460    u_dday/seg_data_reg_reg[5]_i_60_n_7
    SLICE_X66Y133        LUT2 (Prop_lut2_I1_O)        0.299    10.759 r  u_dday/seg_data_reg[5]_i_51/O
                         net (fo=1, routed)           0.000    10.759    u_dday/seg_data_reg[5]_i_51_n_0
    SLICE_X66Y133        CARRY4 (Prop_carry4_S[1]_CO[3])
                                                      0.533    11.292 r  u_dday/seg_data_reg_reg[5]_i_31/CO[3]
                         net (fo=1, routed)           0.000    11.292    u_dday/seg_data_reg_reg[5]_i_31_n_0
    SLICE_X66Y134        CARRY4 (Prop_carry4_CI_O[2])
                                                      0.239    11.531 r  u_dday/seg_data_reg_reg[5]_i_32/O[2]
                         net (fo=8, routed)           1.128    12.659    u_dday/seg_data_reg_reg[5]_i_32_n_5
    SLICE_X64Y132        LUT6 (Prop_lut6_I0_O)        0.301    12.960 r  u_dday/seg_data_reg[5]_i_29/O
                         net (fo=1, routed)           0.647    13.607    u_dday/seg_data_reg[5]_i_29_n_0
    SLICE_X64Y133        LUT6 (Prop_lut6_I1_O)        0.124    13.731 r  u_dday/seg_data_reg[5]_i_9__1/O
                         net (fo=8, routed)           0.849    14.580    u_dday/seg_data_reg[5]_i_9__1_n_0
    SLICE_X64Y135        LUT6 (Prop_lut6_I3_O)        0.124    14.704 r  u_dday/seg_data_reg[2]_i_7__3/O
                         net (fo=1, routed)           0.508    15.212    u_dday/seg_data_reg[2]_i_7__3_n_0
    SLICE_X69Y135        LUT6 (Prop_lut6_I4_O)        0.124    15.336 f  u_dday/seg_data_reg[2]_i_4__6/O
                         net (fo=1, routed)           0.945    16.281    u_dday/seg_data_reg[2]_i_4__6_n_0
    SLICE_X71Y135        LUT6 (Prop_lut6_I3_O)        0.124    16.405 r  u_dday/seg_data_reg[2]_i_1__5/O
                         net (fo=1, routed)           0.000    16.405    u_dday/p_0_in__0[2]
    SLICE_X71Y135        FDRE                                         r  u_dday/seg_data_reg_reg[2]/D
  -------------------------------------------------------------------    -------------------

Slack:                    inf
  Source:                 u_dday/t_m_ten_reg[0]/C
                            (rising edge-triggered cell FDPE)
  Destination:            piezo_out
                            (output port)
  Path Group:             (none)
  Path Type:              Max at Slow Process Corner
  Data Path Delay:        16.272ns  (logic 5.693ns (34.984%)  route 10.579ns (65.016%))
  Logic Levels:           10  (CARRY4=2 FDPE=1 LUT4=1 LUT5=2 LUT6=3 OBUF=1)

    Location             Delay type                Incr(ns)  Path(ns)    Netlist Resource(s)
  -------------------------------------------------------------------    -------------------
    SLICE_X73Y129        FDPE                         0.000     0.000 r  u_dday/t_m_ten_reg[0]/C
    SLICE_X73Y129        FDPE (Prop_fdpe_C_Q)         0.456     0.456 f  u_dday/t_m_ten_reg[0]/Q
                         net (fo=14, routed)          1.196     1.652    u_dday/t_m_ten__0[0]
    SLICE_X71Y131        LUT5 (Prop_lut5_I3_O)        0.124     1.776 r  u_dday/seg_data_reg[6]_i_25__0/O
                         net (fo=2, routed)           0.767     2.544    u_dday/seg_data_reg[6]_i_25__0_n_0
    SLICE_X71Y132        LUT5 (Prop_lut5_I0_O)        0.124     2.668 r  u_dday/seg_data_reg[6]_i_28__0/O
                         net (fo=1, routed)           0.000     2.668    u_dday/seg_data_reg[6]_i_28__0_n_0
    SLICE_X71Y132        CARRY4 (Prop_carry4_S[2]_CO[3])
                                                      0.398     3.066 r  u_dday/seg_data_reg_reg[6]_i_10/CO[3]
                         net (fo=1, routed)           0.000     3.066    u_dday/seg_data_reg_reg[6]_i_10_n_0
    SLICE_X71Y133        CARRY4 (Prop_carry4_CI_O[1])
                                                      0.334     3.400 f  u_dday/seg_data_reg_reg[6]_i_8__0/O[1]
                         net (fo=8, routed)           0.707     4.107    u_dday/target_total_days[5]
    SLICE_X70Y133        LUT4 (Prop_lut4_I2_O)        0.303     4.410 r  u_dday/seg_data_reg[6]_i_7__6/O
                         net (fo=3, routed)           0.881     5.290    u_dday/seg_data_reg[6]_i_7__6_n_0
    SLICE_X69Y134        LUT6 (Prop_lut6_I0_O)        0.124     5.414 r  u_dday/seg_data_reg[6]_i_2__4/O
                         net (fo=22, routed)          1.230     6.644    u_menu/is_dday_today
    SLICE_X74Y132        LUT6 (Prop_lut6_I1_O)        0.124     6.768 r  u_menu/piezo_out_OBUF_inst_i_2/O
                         net (fo=1, routed)           0.710     7.478    u_menu/piezo_out_OBUF_inst_i_2_n_0
    SLICE_X74Y132        LUT6 (Prop_lut6_I4_O)        0.124     7.602 r  u_menu/piezo_out_OBUF_inst_i_1/O
                         net (fo=1, routed)           5.088    12.690    piezo_out_OBUF
    Y21                  OBUF (Prop_obuf_I_O)         3.582    16.272 r  piezo_out_OBUF_inst/O
                         net (fo=0)                   0.000    16.272    piezo_out
    Y21                                                               r  piezo_out (OUT)
  -------------------------------------------------------------------    -------------------

Slack:                    inf
  Source:                 u_dday/t_m_ten_reg[0]/C
                            (rising edge-triggered cell FDPE)
  Destination:            u_dday/seg_data_reg_reg[6]/D
  Path Group:             (none)
  Path Type:              Max at Slow Process Corner
  Data Path Delay:        16.124ns  (logic 5.298ns (32.857%)  route 10.826ns (67.143%))
  Logic Levels:           20  (CARRY4=7 FDPE=1 LUT2=2 LUT3=1 LUT4=1 LUT5=3 LUT6=5)

    Location             Delay type                Incr(ns)  Path(ns)    Netlist Resource(s)
  -------------------------------------------------------------------    -------------------
    SLICE_X73Y129        FDPE                         0.000     0.000 r  u_dday/t_m_ten_reg[0]/C
    SLICE_X73Y129        FDPE (Prop_fdpe_C_Q)         0.456     0.456 f  u_dday/t_m_ten_reg[0]/Q
                         net (fo=14, routed)          1.196     1.652    u_dday/t_m_ten__0[0]
    SLICE_X71Y131        LUT5 (Prop_lut5_I3_O)        0.124     1.776 r  u_dday/seg_data_reg[6]_i_25__0/O
                         net (fo=2, routed)           0.767     2.544    u_dday/seg_data_reg[6]_i_25__0_n_0
    SLICE_X71Y132        LUT5 (Prop_lut5_I0_O)        0.124     2.668 r  u_dday/seg_data_reg[6]_i_28__0/O
                         net (fo=1, routed)           0.000     2.668    u_dday/seg_data_reg[6]_i_28__0_n_0
    SLICE_X71Y132        CARRY4 (Prop_carry4_S[2]_CO[3])
                                                      0.398     3.066 r  u_dday/seg_data_reg_reg[6]_i_10/CO[3]
                         net (fo=1, routed)           0.000     3.066    u_dday/seg_data_reg_reg[6]_i_10_n_0
    SLICE_X71Y133        CARRY4 (Prop_carry4_CI_O[1])
                                                      0.334     3.400 r  u_dday/seg_data_reg_reg[6]_i_8__0/O[1]
                         net (fo=8, routed)           0.707     4.107    u_dday/target_total_days[5]
    SLICE_X70Y133        LUT4 (Prop_lut4_I2_O)        0.303     4.410 f  u_dday/seg_data_reg[6]_i_7__6/O
                         net (fo=3, routed)           0.881     5.290    u_dday/seg_data_reg[6]_i_7__6_n_0
    SLICE_X69Y134        LUT6 (Prop_lut6_I0_O)        0.124     5.414 f  u_dday/seg_data_reg[6]_i_2__4/O
                         net (fo=22, routed)          1.922     7.336    u_dday/is_dday_today
    SLICE_X66Y133        LUT3 (Prop_lut3_I0_O)        0.150     7.486 r  u_dday/seg_data_reg[7]_i_11__0/O
                         net (fo=9, routed)           0.682     8.168    u_dday/d_day_diff[0]
    SLICE_X68Y132        LUT2 (Prop_lut2_I1_O)        0.328     8.496 r  u_dday/seg_data_reg[5]_i_72/O
                         net (fo=1, routed)           0.000     8.496    u_dday/seg_data_reg[5]_i_72_n_0
    SLICE_X68Y132        CARRY4 (Prop_carry4_S[1]_CO[3])
                                                      0.550     9.046 r  u_dday/seg_data_reg_reg[5]_i_64/CO[3]
                         net (fo=1, routed)           0.000     9.046    u_dday/seg_data_reg_reg[5]_i_64_n_0
    SLICE_X68Y133        CARRY4 (Prop_carry4_CI_CO[3])
                                                      0.114     9.160 r  u_dday/seg_data_reg_reg[5]_i_61/CO[3]
                         net (fo=1, routed)           0.000     9.160    u_dday/seg_data_reg_reg[5]_i_61_n_0
    SLICE_X68Y134        CARRY4 (Prop_carry4_CI_O[0])
                                                      0.222     9.382 r  u_dday/seg_data_reg_reg[5]_i_60/O[0]
                         net (fo=4, routed)           1.078    10.460    u_dday/seg_data_reg_reg[5]_i_60_n_7
    SLICE_X66Y133        LUT2 (Prop_lut2_I1_O)        0.299    10.759 r  u_dday/seg_data_reg[5]_i_51/O
                         net (fo=1, routed)           0.000    10.759    u_dday/seg_data_reg[5]_i_51_n_0
    SLICE_X66Y133        CARRY4 (Prop_carry4_S[1]_CO[3])
                                                      0.533    11.292 r  u_dday/seg_data_reg_reg[5]_i_31/CO[3]
                         net (fo=1, routed)           0.000    11.292    u_dday/seg_data_reg_reg[5]_i_31_n_0
    SLICE_X66Y134        CARRY4 (Prop_carry4_CI_O[2])
                                                      0.239    11.531 r  u_dday/seg_data_reg_reg[5]_i_32/O[2]
                         net (fo=8, routed)           1.128    12.659    u_dday/seg_data_reg_reg[5]_i_32_n_5
    SLICE_X64Y132        LUT6 (Prop_lut6_I0_O)        0.301    12.960 r  u_dday/seg_data_reg[5]_i_29/O
                         net (fo=1, routed)           0.647    13.607    u_dday/seg_data_reg[5]_i_29_n_0
    SLICE_X64Y133        LUT6 (Prop_lut6_I1_O)        0.124    13.731 r  u_dday/seg_data_reg[5]_i_9__1/O
                         net (fo=8, routed)           0.459    14.190    u_dday/seg_data_reg[5]_i_9__1_n_0
    SLICE_X64Y135        LUT5 (Prop_lut5_I2_O)        0.119    14.309 r  u_dday/seg_data_reg[6]_i_12__0/O
                         net (fo=1, routed)           0.302    14.612    u_dday/seg_data_reg[6]_i_12__0_n_0
    SLICE_X66Y135        LUT6 (Prop_lut6_I0_O)        0.332    14.944 f  u_dday/seg_data_reg[6]_i_5__6/O
                         net (fo=1, routed)           1.057    16.000    u_dday/seg_data_reg[6]_i_5__6_n_0
    SLICE_X70Y136        LUT6 (Prop_lut6_I4_O)        0.124    16.124 r  u_dday/seg_data_reg[6]_i_1__7/O
                         net (fo=1, routed)           0.000    16.124    u_dday/p_0_in__0[6]
    SLICE_X70Y136        FDRE                                         r  u_dday/seg_data_reg_reg[6]/D
  -------------------------------------------------------------------    -------------------

Slack:                    inf
  Source:                 u_dday/t_m_ten_reg[0]/C
                            (rising edge-triggered cell FDPE)
  Destination:            u_dday/seg_data_reg_reg[3]/D
  Path Group:             (none)
  Path Type:              Max at Slow Process Corner
  Data Path Delay:        16.107ns  (logic 5.095ns (31.632%)  route 11.012ns (68.368%))
  Logic Levels:           20  (CARRY4=7 FDPE=1 LUT2=2 LUT3=1 LUT4=1 LUT5=2 LUT6=6)

    Location             Delay type                Incr(ns)  Path(ns)    Netlist Resource(s)
  -------------------------------------------------------------------    -------------------
    SLICE_X73Y129        FDPE                         0.000     0.000 r  u_dday/t_m_ten_reg[0]/C
    SLICE_X73Y129        FDPE (Prop_fdpe_C_Q)         0.456     0.456 f  u_dday/t_m_ten_reg[0]/Q
                         net (fo=14, routed)          1.196     1.652    u_dday/t_m_ten__0[0]
    SLICE_X71Y131        LUT5 (Prop_lut5_I3_O)        0.124     1.776 r  u_dday/seg_data_reg[6]_i_25__0/O
                         net (fo=2, routed)           0.767     2.544    u_dday/seg_data_reg[6]_i_25__0_n_0
    SLICE_X71Y132        LUT5 (Prop_lut5_I0_O)        0.124     2.668 r  u_dday/seg_data_reg[6]_i_28__0/O
                         net (fo=1, routed)           0.000     2.668    u_dday/seg_data_reg[6]_i_28__0_n_0
    SLICE_X71Y132        CARRY4 (Prop_carry4_S[2]_CO[3])
                                                      0.398     3.066 r  u_dday/seg_data_reg_reg[6]_i_10/CO[3]
                         net (fo=1, routed)           0.000     3.066    u_dday/seg_data_reg_reg[6]_i_10_n_0
    SLICE_X71Y133        CARRY4 (Prop_carry4_CI_O[1])
                                                      0.334     3.400 r  u_dday/seg_data_reg_reg[6]_i_8__0/O[1]
                         net (fo=8, routed)           0.707     4.107    u_dday/target_total_days[5]
    SLICE_X70Y133        LUT4 (Prop_lut4_I2_O)        0.303     4.410 f  u_dday/seg_data_reg[6]_i_7__6/O
                         net (fo=3, routed)           0.881     5.290    u_dday/seg_data_reg[6]_i_7__6_n_0
    SLICE_X69Y134        LUT6 (Prop_lut6_I0_O)        0.124     5.414 f  u_dday/seg_data_reg[6]_i_2__4/O
                         net (fo=22, routed)          1.922     7.336    u_dday/is_dday_today
    SLICE_X66Y133        LUT3 (Prop_lut3_I0_O)        0.150     7.486 r  u_dday/seg_data_reg[7]_i_11__0/O
                         net (fo=9, routed)           0.682     8.168    u_dday/d_day_diff[0]
    SLICE_X68Y132        LUT2 (Prop_lut2_I1_O)        0.328     8.496 r  u_dday/seg_data_reg[5]_i_72/O
                         net (fo=1, routed)           0.000     8.496    u_dday/seg_data_reg[5]_i_72_n_0
    SLICE_X68Y132        CARRY4 (Prop_carry4_S[1]_CO[3])
                                                      0.550     9.046 r  u_dday/seg_data_reg_reg[5]_i_64/CO[3]
                         net (fo=1, routed)           0.000     9.046    u_dday/seg_data_reg_reg[5]_i_64_n_0
    SLICE_X68Y133        CARRY4 (Prop_carry4_CI_CO[3])
                                                      0.114     9.160 r  u_dday/seg_data_reg_reg[5]_i_61/CO[3]
                         net (fo=1, routed)           0.000     9.160    u_dday/seg_data_reg_reg[5]_i_61_n_0
    SLICE_X68Y134        CARRY4 (Prop_carry4_CI_O[0])
                                                      0.222     9.382 r  u_dday/seg_data_reg_reg[5]_i_60/O[0]
                         net (fo=4, routed)           1.078    10.460    u_dday/seg_data_reg_reg[5]_i_60_n_7
    SLICE_X66Y133        LUT2 (Prop_lut2_I1_O)        0.299    10.759 r  u_dday/seg_data_reg[5]_i_51/O
                         net (fo=1, routed)           0.000    10.759    u_dday/seg_data_reg[5]_i_51_n_0
    SLICE_X66Y133        CARRY4 (Prop_carry4_S[1]_CO[3])
                                                      0.533    11.292 r  u_dday/seg_data_reg_reg[5]_i_31/CO[3]
                         net (fo=1, routed)           0.000    11.292    u_dday/seg_data_reg_reg[5]_i_31_n_0
    SLICE_X66Y134        CARRY4 (Prop_carry4_CI_O[2])
                                                      0.239    11.531 r  u_dday/seg_data_reg_reg[5]_i_32/O[2]
                         net (fo=8, routed)           1.128    12.659    u_dday/seg_data_reg_reg[5]_i_32_n_5
    SLICE_X64Y132        LUT6 (Prop_lut6_I0_O)        0.301    12.960 r  u_dday/seg_data_reg[5]_i_29/O
                         net (fo=1, routed)           0.647    13.607    u_dday/seg_data_reg[5]_i_29_n_0
    SLICE_X64Y133        LUT6 (Prop_lut6_I1_O)        0.124    13.731 r  u_dday/seg_data_reg[5]_i_9__1/O
                         net (fo=8, routed)           0.677    14.408    u_dday/seg_data_reg[5]_i_9__1_n_0
    SLICE_X65Y135        LUT6 (Prop_lut6_I2_O)        0.124    14.532 f  u_dday/seg_data_reg[3]_i_6__4/O
                         net (fo=1, routed)           0.283    14.815    u_dday/seg_data_reg[3]_i_6__4_n_0
    SLICE_X67Y135        LUT6 (Prop_lut6_I0_O)        0.124    14.939 f  u_dday/seg_data_reg[3]_i_3__6/O
                         net (fo=1, routed)           1.044    15.983    u_dday/seg_data_reg[3]_i_3__6_n_0
    SLICE_X71Y135        LUT6 (Prop_lut6_I2_O)        0.124    16.107 r  u_dday/seg_data_reg[3]_i_1__7/O
                         net (fo=1, routed)           0.000    16.107    u_dday/p_0_in__0[3]
    SLICE_X71Y135        FDRE                                         r  u_dday/seg_data_reg_reg[3]/D
  -------------------------------------------------------------------    -------------------

Slack:                    inf
  Source:                 u_dday/t_m_ten_reg[0]/C
                            (rising edge-triggered cell FDPE)
  Destination:            u_dday/seg_data_reg_reg[5]/D
  Path Group:             (none)
  Path Type:              Max at Slow Process Corner
  Data Path Delay:        16.086ns  (logic 5.095ns (31.673%)  route 10.991ns (68.327%))
  Logic Levels:           20  (CARRY4=7 FDPE=1 LUT2=2 LUT3=2 LUT4=1 LUT5=2 LUT6=5)

    Location             Delay type                Incr(ns)  Path(ns)    Netlist Resource(s)
  -------------------------------------------------------------------    -------------------
    SLICE_X73Y129        FDPE                         0.000     0.000 r  u_dday/t_m_ten_reg[0]/C
    SLICE_X73Y129        FDPE (Prop_fdpe_C_Q)         0.456     0.456 f  u_dday/t_m_ten_reg[0]/Q
                         net (fo=14, routed)          1.196     1.652    u_dday/t_m_ten__0[0]
    SLICE_X71Y131        LUT5 (Prop_lut5_I3_O)        0.124     1.776 r  u_dday/seg_data_reg[6]_i_25__0/O
                         net (fo=2, routed)           0.767     2.544    u_dday/seg_data_reg[6]_i_25__0_n_0
    SLICE_X71Y132        LUT5 (Prop_lut5_I0_O)        0.124     2.668 r  u_dday/seg_data_reg[6]_i_28__0/O
                         net (fo=1, routed)           0.000     2.668    u_dday/seg_data_reg[6]_i_28__0_n_0
    SLICE_X71Y132        CARRY4 (Prop_carry4_S[2]_CO[3])
                                                      0.398     3.066 r  u_dday/seg_data_reg_reg[6]_i_10/CO[3]
                         net (fo=1, routed)           0.000     3.066    u_dday/seg_data_reg_reg[6]_i_10_n_0
    SLICE_X71Y133        CARRY4 (Prop_carry4_CI_O[1])
                                                      0.334     3.400 r  u_dday/seg_data_reg_reg[6]_i_8__0/O[1]
                         net (fo=8, routed)           0.707     4.107    u_dday/target_total_days[5]
    SLICE_X70Y133        LUT4 (Prop_lut4_I2_O)        0.303     4.410 f  u_dday/seg_data_reg[6]_i_7__6/O
                         net (fo=3, routed)           0.881     5.290    u_dday/seg_data_reg[6]_i_7__6_n_0
    SLICE_X69Y134        LUT6 (Prop_lut6_I0_O)        0.124     5.414 f  u_dday/seg_data_reg[6]_i_2__4/O
                         net (fo=22, routed)          1.922     7.336    u_dday/is_dday_today
    SLICE_X66Y133        LUT3 (Prop_lut3_I0_O)        0.150     7.486 r  u_dday/seg_data_reg[7]_i_11__0/O
                         net (fo=9, routed)           0.682     8.168    u_dday/d_day_diff[0]
    SLICE_X68Y132        LUT2 (Prop_lut2_I1_O)        0.328     8.496 r  u_dday/seg_data_reg[5]_i_72/O
                         net (fo=1, routed)           0.000     8.496    u_dday/seg_data_reg[5]_i_72_n_0
    SLICE_X68Y132        CARRY4 (Prop_carry4_S[1]_CO[3])
                                                      0.550     9.046 r  u_dday/seg_data_reg_reg[5]_i_64/CO[3]
                         net (fo=1, routed)           0.000     9.046    u_dday/seg_data_reg_reg[5]_i_64_n_0
    SLICE_X68Y133        CARRY4 (Prop_carry4_CI_CO[3])
                                                      0.114     9.160 r  u_dday/seg_data_reg_reg[5]_i_61/CO[3]
                         net (fo=1, routed)           0.000     9.160    u_dday/seg_data_reg_reg[5]_i_61_n_0
    SLICE_X68Y134        CARRY4 (Prop_carry4_CI_O[0])
                                                      0.222     9.382 r  u_dday/seg_data_reg_reg[5]_i_60/O[0]
                         net (fo=4, routed)           1.078    10.460    u_dday/seg_data_reg_reg[5]_i_60_n_7
    SLICE_X66Y133        LUT2 (Prop_lut2_I1_O)        0.299    10.759 r  u_dday/seg_data_reg[5]_i_51/O
                         net (fo=1, routed)           0.000    10.759    u_dday/seg_data_reg[5]_i_51_n_0
    SLICE_X66Y133        CARRY4 (Prop_carry4_S[1]_CO[3])
                                                      0.533    11.292 r  u_dday/seg_data_reg_reg[5]_i_31/CO[3]
                         net (fo=1, routed)           0.000    11.292    u_dday/seg_data_reg_reg[5]_i_31_n_0
    SLICE_X66Y134        CARRY4 (Prop_carry4_CI_O[2])
                                                      0.239    11.531 r  u_dday/seg_data_reg_reg[5]_i_32/O[2]
                         net (fo=8, routed)           1.128    12.659    u_dday/seg_data_reg_reg[5]_i_32_n_5
    SLICE_X64Y132        LUT6 (Prop_lut6_I0_O)        0.301    12.960 r  u_dday/seg_data_reg[5]_i_29/O
                         net (fo=1, routed)           0.647    13.607    u_dday/seg_data_reg[5]_i_29_n_0
    SLICE_X64Y133        LUT6 (Prop_lut6_I1_O)        0.124    13.731 f  u_dday/seg_data_reg[5]_i_9__1/O
                         net (fo=8, routed)           0.455    14.186    u_dday/seg_data_reg[5]_i_9__1_n_0
    SLICE_X64Y135        LUT3 (Prop_lut3_I0_O)        0.124    14.310 r  u_dday/seg_data_reg[5]_i_12__0/O
                         net (fo=1, routed)           0.847    15.157    u_dday/seg_data_reg[5]_i_12__0_n_0
    SLICE_X65Y135        LUT6 (Prop_lut6_I4_O)        0.124    15.281 r  u_dday/seg_data_reg[5]_i_4__7/O
                         net (fo=1, routed)           0.682    15.962    u_dday/seg_data_reg[5]_i_4__7_n_0
    SLICE_X70Y136        LUT6 (Prop_lut6_I3_O)        0.124    16.086 r  u_dday/seg_data_reg[5]_i_1__7/O
                         net (fo=1, routed)           0.000    16.086    u_dday/p_0_in__0[5]
    SLICE_X70Y136        FDRE                                         r  u_dday/seg_data_reg_reg[5]/D
  -------------------------------------------------------------------    -------------------

Slack:                    inf
  Source:                 u_dday/t_m_ten_reg[0]/C
                            (rising edge-triggered cell FDPE)
  Destination:            u_dday/seg_data_reg_reg[4]/D
  Path Group:             (none)
  Path Type:              Max at Slow Process Corner
  Data Path Delay:        16.037ns  (logic 5.095ns (31.771%)  route 10.942ns (68.229%))
  Logic Levels:           20  (CARRY4=7 FDPE=1 LUT2=2 LUT3=2 LUT4=1 LUT5=2 LUT6=5)

    Location             Delay type                Incr(ns)  Path(ns)    Netlist Resource(s)
  -------------------------------------------------------------------    -------------------
    SLICE_X73Y129        FDPE                         0.000     0.000 r  u_dday/t_m_ten_reg[0]/C
    SLICE_X73Y129        FDPE (Prop_fdpe_C_Q)         0.456     0.456 f  u_dday/t_m_ten_reg[0]/Q
                         net (fo=14, routed)          1.196     1.652    u_dday/t_m_ten__0[0]
    SLICE_X71Y131        LUT5 (Prop_lut5_I3_O)        0.124     1.776 r  u_dday/seg_data_reg[6]_i_25__0/O
                         net (fo=2, routed)           0.767     2.544    u_dday/seg_data_reg[6]_i_25__0_n_0
    SLICE_X71Y132        LUT5 (Prop_lut5_I0_O)        0.124     2.668 r  u_dday/seg_data_reg[6]_i_28__0/O
                         net (fo=1, routed)           0.000     2.668    u_dday/seg_data_reg[6]_i_28__0_n_0
    SLICE_X71Y132        CARRY4 (Prop_carry4_S[2]_CO[3])
                                                      0.398     3.066 r  u_dday/seg_data_reg_reg[6]_i_10/CO[3]
                         net (fo=1, routed)           0.000     3.066    u_dday/seg_data_reg_reg[6]_i_10_n_0
    SLICE_X71Y133        CARRY4 (Prop_carry4_CI_O[1])
                                                      0.334     3.400 r  u_dday/seg_data_reg_reg[6]_i_8__0/O[1]
                         net (fo=8, routed)           0.707     4.107    u_dday/target_total_days[5]
    SLICE_X70Y133        LUT4 (Prop_lut4_I2_O)        0.303     4.410 f  u_dday/seg_data_reg[6]_i_7__6/O
                         net (fo=3, routed)           0.881     5.290    u_dday/seg_data_reg[6]_i_7__6_n_0
    SLICE_X69Y134        LUT6 (Prop_lut6_I0_O)        0.124     5.414 f  u_dday/seg_data_reg[6]_i_2__4/O
                         net (fo=22, routed)          1.922     7.336    u_dday/is_dday_today
    SLICE_X66Y133        LUT3 (Prop_lut3_I0_O)        0.150     7.486 r  u_dday/seg_data_reg[7]_i_11__0/O
                         net (fo=9, routed)           0.682     8.168    u_dday/d_day_diff[0]
    SLICE_X68Y132        LUT2 (Prop_lut2_I1_O)        0.328     8.496 r  u_dday/seg_data_reg[5]_i_72/O
                         net (fo=1, routed)           0.000     8.496    u_dday/seg_data_reg[5]_i_72_n_0
    SLICE_X68Y132        CARRY4 (Prop_carry4_S[1]_CO[3])
                                                      0.550     9.046 r  u_dday/seg_data_reg_reg[5]_i_64/CO[3]
                         net (fo=1, routed)           0.000     9.046    u_dday/seg_data_reg_reg[5]_i_64_n_0
    SLICE_X68Y133        CARRY4 (Prop_carry4_CI_CO[3])
                                                      0.114     9.160 r  u_dday/seg_data_reg_reg[5]_i_61/CO[3]
                         net (fo=1, routed)           0.000     9.160    u_dday/seg_data_reg_reg[5]_i_61_n_0
    SLICE_X68Y134        CARRY4 (Prop_carry4_CI_O[0])
                                                      0.222     9.382 r  u_dday/seg_data_reg_reg[5]_i_60/O[0]
                         net (fo=4, routed)           1.078    10.460    u_dday/seg_data_reg_reg[5]_i_60_n_7
    SLICE_X66Y133        LUT2 (Prop_lut2_I1_O)        0.299    10.759 r  u_dday/seg_data_reg[5]_i_51/O
                         net (fo=1, routed)           0.000    10.759    u_dday/seg_data_reg[5]_i_51_n_0
    SLICE_X66Y133        CARRY4 (Prop_carry4_S[1]_CO[3])
                                                      0.533    11.292 r  u_dday/seg_data_reg_reg[5]_i_31/CO[3]
                         net (fo=1, routed)           0.000    11.292    u_dday/seg_data_reg_reg[5]_i_31_n_0
    SLICE_X66Y134        CARRY4 (Prop_carry4_CI_O[2])
                                                      0.239    11.531 r  u_dday/seg_data_reg_reg[5]_i_32/O[2]
                         net (fo=8, routed)           1.128    12.659    u_dday/seg_data_reg_reg[5]_i_32_n_5
    SLICE_X64Y132        LUT6 (Prop_lut6_I0_O)        0.301    12.960 r  u_dday/seg_data_reg[5]_i_29/O
                         net (fo=1, routed)           0.647    13.607    u_dday/seg_data_reg[5]_i_29_n_0
    SLICE_X64Y133        LUT6 (Prop_lut6_I1_O)        0.124    13.731 r  u_dday/seg_data_reg[5]_i_9__1/O
                         net (fo=8, routed)           0.591    14.322    u_dday/seg_data_reg[5]_i_9__1_n_0
    SLICE_X65Y135        LUT6 (Prop_lut6_I5_O)        0.124    14.446 r  u_dday/seg_data_reg[4]_i_8__2/O
                         net (fo=1, routed)           0.805    15.252    u_dday/seg_data_reg[4]_i_8__2_n_0
    SLICE_X67Y135        LUT3 (Prop_lut3_I1_O)        0.124    15.376 f  u_dday/seg_data_reg[4]_i_5__5/O
                         net (fo=1, routed)           0.537    15.913    u_dday/seg_data_reg[4]_i_5__5_n_0
    SLICE_X70Y135        LUT6 (Prop_lut6_I3_O)        0.124    16.037 r  u_dday/seg_data_reg[4]_i_1__4/O
                         net (fo=1, routed)           0.000    16.037    u_dday/p_0_in__0[4]
    SLICE_X70Y135        FDRE                                         r  u_dday/seg_data_reg_reg[4]/D
  -------------------------------------------------------------------    -------------------

Slack:                    inf
  Source:                 u_dday/t_m_ten_reg[0]/C
                            (rising edge-triggered cell FDPE)
  Destination:            u_dday/seg_data_reg_reg[7]/D
  Path Group:             (none)
  Path Type:              Max at Slow Process Corner
  Data Path Delay:        15.872ns  (logic 5.095ns (32.100%)  route 10.777ns (67.900%))
  Logic Levels:           20  (CARRY4=7 FDPE=1 LUT2=2 LUT3=1 LUT4=1 LUT5=3 LUT6=5)

    Location             Delay type                Incr(ns)  Path(ns)    Netlist Resource(s)
  -------------------------------------------------------------------    -------------------
    SLICE_X73Y129        FDPE                         0.000     0.000 r  u_dday/t_m_ten_reg[0]/C
    SLICE_X73Y129        FDPE (Prop_fdpe_C_Q)         0.456     0.456 f  u_dday/t_m_ten_reg[0]/Q
                         net (fo=14, routed)          1.196     1.652    u_dday/t_m_ten__0[0]
    SLICE_X71Y131        LUT5 (Prop_lut5_I3_O)        0.124     1.776 r  u_dday/seg_data_reg[6]_i_25__0/O
                         net (fo=2, routed)           0.767     2.544    u_dday/seg_data_reg[6]_i_25__0_n_0
    SLICE_X71Y132        LUT5 (Prop_lut5_I0_O)        0.124     2.668 r  u_dday/seg_data_reg[6]_i_28__0/O
                         net (fo=1, routed)           0.000     2.668    u_dday/seg_data_reg[6]_i_28__0_n_0
    SLICE_X71Y132        CARRY4 (Prop_carry4_S[2]_CO[3])
                                                      0.398     3.066 r  u_dday/seg_data_reg_reg[6]_i_10/CO[3]
                         net (fo=1, routed)           0.000     3.066    u_dday/seg_data_reg_reg[6]_i_10_n_0
    SLICE_X71Y133        CARRY4 (Prop_carry4_CI_O[1])
                                                      0.334     3.400 r  u_dday/seg_data_reg_reg[6]_i_8__0/O[1]
                         net (fo=8, routed)           0.707     4.107    u_dday/target_total_days[5]
    SLICE_X70Y133        LUT4 (Prop_lut4_I2_O)        0.303     4.410 f  u_dday/seg_data_reg[6]_i_7__6/O
                         net (fo=3, routed)           0.881     5.290    u_dday/seg_data_reg[6]_i_7__6_n_0
    SLICE_X69Y134        LUT6 (Prop_lut6_I0_O)        0.124     5.414 f  u_dday/seg_data_reg[6]_i_2__4/O
                         net (fo=22, routed)          1.922     7.336    u_dday/is_dday_today
    SLICE_X66Y133        LUT3 (Prop_lut3_I0_O)        0.150     7.486 r  u_dday/seg_data_reg[7]_i_11__0/O
                         net (fo=9, routed)           0.682     8.168    u_dday/d_day_diff[0]
    SLICE_X68Y132        LUT2 (Prop_lut2_I1_O)        0.328     8.496 r  u_dday/seg_data_reg[5]_i_72/O
                         net (fo=1, routed)           0.000     8.496    u_dday/seg_data_reg[5]_i_72_n_0
    SLICE_X68Y132        CARRY4 (Prop_carry4_S[1]_CO[3])
                                                      0.550     9.046 r  u_dday/seg_data_reg_reg[5]_i_64/CO[3]
                         net (fo=1, routed)           0.000     9.046    u_dday/seg_data_reg_reg[5]_i_64_n_0
    SLICE_X68Y133        CARRY4 (Prop_carry4_CI_CO[3])
                                                      0.114     9.160 r  u_dday/seg_data_reg_reg[5]_i_61/CO[3]
                         net (fo=1, routed)           0.000     9.160    u_dday/seg_data_reg_reg[5]_i_61_n_0
    SLICE_X68Y134        CARRY4 (Prop_carry4_CI_O[0])
                                                      0.222     9.382 r  u_dday/seg_data_reg_reg[5]_i_60/O[0]
                         net (fo=4, routed)           1.078    10.460    u_dday/seg_data_reg_reg[5]_i_60_n_7
    SLICE_X66Y133        LUT2 (Prop_lut2_I1_O)        0.299    10.759 r  u_dday/seg_data_reg[5]_i_51/O
                         net (fo=1, routed)           0.000    10.759    u_dday/seg_data_reg[5]_i_51_n_0
    SLICE_X66Y133        CARRY4 (Prop_carry4_S[1]_CO[3])
                                                      0.533    11.292 r  u_dday/seg_data_reg_reg[5]_i_31/CO[3]
                         net (fo=1, routed)           0.000    11.292    u_dday/seg_data_reg_reg[5]_i_31_n_0
    SLICE_X66Y134        CARRY4 (Prop_carry4_CI_O[2])
                                                      0.239    11.531 r  u_dday/seg_data_reg_reg[5]_i_32/O[2]
                         net (fo=8, routed)           1.128    12.659    u_dday/seg_data_reg_reg[5]_i_32_n_5
    SLICE_X64Y132        LUT6 (Prop_lut6_I0_O)        0.301    12.960 r  u_dday/seg_data_reg[5]_i_29/O
                         net (fo=1, routed)           0.647    13.607    u_dday/seg_data_reg[5]_i_29_n_0
    SLICE_X64Y133        LUT6 (Prop_lut6_I1_O)        0.124    13.731 r  u_dday/seg_data_reg[5]_i_9__1/O
                         net (fo=8, routed)           0.459    14.190    u_dday/seg_data_reg[5]_i_9__1_n_0
    SLICE_X64Y135        LUT5 (Prop_lut5_I2_O)        0.124    14.314 f  u_dday/seg_data_reg[7]_i_14__0/O
                         net (fo=1, routed)           0.818    15.132    u_dday/seg_data_reg[7]_i_14__0_n_0
    SLICE_X68Y136        LUT6 (Prop_lut6_I5_O)        0.124    15.256 f  u_dday/seg_data_reg[7]_i_7__5/O
                         net (fo=1, routed)           0.492    15.748    u_dday/seg_data_reg[7]_i_7__5_n_0
    SLICE_X69Y136        LUT6 (Prop_lut6_I4_O)        0.124    15.872 r  u_dday/seg_data_reg[7]_i_2__5/O
                         net (fo=1, routed)           0.000    15.872    u_dday/p_0_in__0[7]
    SLICE_X69Y136        FDRE                                         r  u_dday/seg_data_reg_reg[7]/D
  -------------------------------------------------------------------    -------------------

Slack:                    inf
  Source:                 u_dday/t_m_ten_reg[0]/C
                            (rising edge-triggered cell FDPE)
  Destination:            led[3]
                            (output port)
  Path Group:             (none)
  Path Type:              Max at Slow Process Corner
  Data Path Delay:        14.732ns  (logic 5.865ns (39.814%)  route 8.866ns (60.186%))
  Logic Levels:           10  (CARRY4=2 FDPE=1 LUT4=2 LUT5=3 LUT6=1 OBUF=1)

    Location             Delay type                Incr(ns)  Path(ns)    Netlist Resource(s)
  -------------------------------------------------------------------    -------------------
    SLICE_X73Y129        FDPE                         0.000     0.000 r  u_dday/t_m_ten_reg[0]/C
    SLICE_X73Y129        FDPE (Prop_fdpe_C_Q)         0.456     0.456 f  u_dday/t_m_ten_reg[0]/Q
                         net (fo=14, routed)          1.196     1.652    u_dday/t_m_ten__0[0]
    SLICE_X71Y131        LUT5 (Prop_lut5_I3_O)        0.124     1.776 r  u_dday/seg_data_reg[6]_i_25__0/O
                         net (fo=2, routed)           0.767     2.544    u_dday/seg_data_reg[6]_i_25__0_n_0
    SLICE_X71Y132        LUT5 (Prop_lut5_I0_O)        0.124     2.668 r  u_dday/seg_data_reg[6]_i_28__0/O
                         net (fo=1, routed)           0.000     2.668    u_dday/seg_data_reg[6]_i_28__0_n_0
    SLICE_X71Y132        CARRY4 (Prop_carry4_S[2]_CO[3])
                                                      0.398     3.066 r  u_dday/seg_data_reg_reg[6]_i_10/CO[3]
                         net (fo=1, routed)           0.000     3.066    u_dday/seg_data_reg_reg[6]_i_10_n_0
    SLICE_X71Y133        CARRY4 (Prop_carry4_CI_O[1])
                                                      0.334     3.400 f  u_dday/seg_data_reg_reg[6]_i_8__0/O[1]
                         net (fo=8, routed)           0.707     4.107    u_dday/target_total_days[5]
    SLICE_X70Y133        LUT4 (Prop_lut4_I2_O)        0.303     4.410 r  u_dday/seg_data_reg[6]_i_7__6/O
                         net (fo=3, routed)           0.881     5.290    u_dday/seg_data_reg[6]_i_7__6_n_0
    SLICE_X69Y134        LUT6 (Prop_lut6_I0_O)        0.124     5.414 r  u_dday/seg_data_reg[6]_i_2__4/O
                         net (fo=22, routed)          1.007     6.422    u_menu/is_dday_today
    SLICE_X76Y136        LUT5 (Prop_lut5_I4_O)        0.150     6.572 r  u_menu/led_OBUF[7]_inst_i_3/O
                         net (fo=2, routed)           1.173     7.744    u_menu/led_OBUF[7]_inst_i_3_n_0
    SLICE_X83Y129        LUT4 (Prop_lut4_I2_O)        0.328     8.072 r  u_menu/led_OBUF[7]_inst_i_1/O
                         net (fo=7, routed)           3.135    11.207    led_OBUF[1]
    N7                   OBUF (Prop_obuf_I_O)         3.524    14.732 r  led_OBUF[3]_inst/O
                         net (fo=0)                   0.000    14.732    led[3]
    N7                                                                r  led[3] (OUT)
  -------------------------------------------------------------------    -------------------

Slack:                    inf
  Source:                 u_dday/t_m_ten_reg[0]/C
                            (rising edge-triggered cell FDPE)
  Destination:            led[7]
                            (output port)
  Path Group:             (none)
  Path Type:              Max at Slow Process Corner
  Data Path Delay:        14.393ns  (logic 5.882ns (40.866%)  route 8.511ns (59.134%))
  Logic Levels:           10  (CARRY4=2 FDPE=1 LUT4=2 LUT5=3 LUT6=1 OBUF=1)

    Location             Delay type                Incr(ns)  Path(ns)    Netlist Resource(s)
  -------------------------------------------------------------------    -------------------
    SLICE_X73Y129        FDPE                         0.000     0.000 r  u_dday/t_m_ten_reg[0]/C
    SLICE_X73Y129        FDPE (Prop_fdpe_C_Q)         0.456     0.456 f  u_dday/t_m_ten_reg[0]/Q
                         net (fo=14, routed)          1.196     1.652    u_dday/t_m_ten__0[0]
    SLICE_X71Y131        LUT5 (Prop_lut5_I3_O)        0.124     1.776 r  u_dday/seg_data_reg[6]_i_25__0/O
                         net (fo=2, routed)           0.767     2.544    u_dday/seg_data_reg[6]_i_25__0_n_0
    SLICE_X71Y132        LUT5 (Prop_lut5_I0_O)        0.124     2.668 r  u_dday/seg_data_reg[6]_i_28__0/O
                         net (fo=1, routed)           0.000     2.668    u_dday/seg_data_reg[6]_i_28__0_n_0
    SLICE_X71Y132        CARRY4 (Prop_carry4_S[2]_CO[3])
                                                      0.398     3.066 r  u_dday/seg_data_reg_reg[6]_i_10/CO[3]
                         net (fo=1, routed)           0.000     3.066    u_dday/seg_data_reg_reg[6]_i_10_n_0
    SLICE_X71Y133        CARRY4 (Prop_carry4_CI_O[1])
                                                      0.334     3.400 f  u_dday/seg_data_reg_reg[6]_i_8__0/O[1]
                         net (fo=8, routed)           0.707     4.107    u_dday/target_total_days[5]
    SLICE_X70Y133        LUT4 (Prop_lut4_I2_O)        0.303     4.410 r  u_dday/seg_data_reg[6]_i_7__6/O
                         net (fo=3, routed)           0.881     5.290    u_dday/seg_data_reg[6]_i_7__6_n_0
    SLICE_X69Y134        LUT6 (Prop_lut6_I0_O)        0.124     5.414 r  u_dday/seg_data_reg[6]_i_2__4/O
                         net (fo=22, routed)          1.007     6.422    u_menu/is_dday_today
    SLICE_X76Y136        LUT5 (Prop_lut5_I4_O)        0.150     6.572 r  u_menu/led_OBUF[7]_inst_i_3/O
                         net (fo=2, routed)           1.173     7.744    u_menu/led_OBUF[7]_inst_i_3_n_0
    SLICE_X83Y129        LUT4 (Prop_lut4_I2_O)        0.328     8.072 r  u_menu/led_OBUF[7]_inst_i_1/O
                         net (fo=7, routed)           2.780    10.852    led_OBUF[1]
    N5                   OBUF (Prop_obuf_I_O)         3.541    14.393 r  led_OBUF[7]_inst/O
                         net (fo=0)                   0.000    14.393    led[7]
    N5                                                                r  led[7] (OUT)
  -------------------------------------------------------------------    -------------------





Min Delay Paths
--------------------------------------------------------------------------------------
Slack:                    inf
  Source:                 u_dday/FSM_onehot_state_reg[4]/C
                            (rising edge-triggered cell FDCE)
  Destination:            u_dday/FSM_onehot_state_reg[0]/D
  Path Group:             (none)
  Path Type:              Min at Fast Process Corner
  Data Path Delay:        0.274ns  (logic 0.141ns (51.415%)  route 0.133ns (48.585%))
  Logic Levels:           1  (FDCE=1)

    Location             Delay type                Incr(ns)  Path(ns)    Netlist Resource(s)
  -------------------------------------------------------------------    -------------------
    SLICE_X73Y130        FDCE                         0.000     0.000 r  u_dday/FSM_onehot_state_reg[4]/C
    SLICE_X73Y130        FDCE (Prop_fdce_C_Q)         0.141     0.141 r  u_dday/FSM_onehot_state_reg[4]/Q
                         net (fo=14, routed)          0.133     0.274    u_dday/FSM_onehot_state_reg_n_0_[4]
    SLICE_X72Y130        FDPE                                         r  u_dday/FSM_onehot_state_reg[0]/D
  -------------------------------------------------------------------    -------------------

Slack:                    inf
  Source:                 u_setting/m_one_reg[1]/C
                            (rising edge-triggered cell FDCE)
  Destination:            u_watch/m_one_reg[1]/D
  Path Group:             (none)
  Path Type:              Min at Fast Process Corner
  Data Path Delay:        0.284ns  (logic 0.209ns (73.503%)  route 0.075ns (26.497%))
  Logic Levels:           2  (FDCE=1 LUT5=1)

    Location             Delay type                Incr(ns)  Path(ns)    Netlist Resource(s)
  -------------------------------------------------------------------    -------------------
    SLICE_X72Y121        FDCE                         0.000     0.000 r  u_setting/m_one_reg[1]/C
    SLICE_X72Y121        FDCE (Prop_fdce_C_Q)         0.164     0.164 r  u_setting/m_one_reg[1]/Q
                         net (fo=8, routed)           0.075     0.239    u_watch/h_ten_reg[3]_1[8]
    SLICE_X73Y121        LUT5 (Prop_lut5_I0_O)        0.045     0.284 r  u_watch/m_one[1]_i_1/O
                         net (fo=1, routed)           0.000     0.284    u_watch/m_one[1]_i_1_n_0
    SLICE_X73Y121        FDCE                                         r  u_watch/m_one_reg[1]/D
  -------------------------------------------------------------------    -------------------

Slack:                    inf
  Source:                 u_setting/s_one_reg[1]/C
                            (rising edge-triggered cell FDCE)
  Destination:            u_watch/s_one_reg[1]/D
  Path Group:             (none)
  Path Type:              Min at Fast Process Corner
  Data Path Delay:        0.284ns  (logic 0.209ns (73.503%)  route 0.075ns (26.497%))
  Logic Levels:           2  (FDCE=1 LUT5=1)

    Location             Delay type                Incr(ns)  Path(ns)    Netlist Resource(s)
  -------------------------------------------------------------------    -------------------
    SLICE_X70Y119        FDCE                         0.000     0.000 r  u_setting/s_one_reg[1]/C
    SLICE_X70Y119        FDCE (Prop_fdce_C_Q)         0.164     0.164 r  u_setting/s_one_reg[1]/Q
                         net (fo=8, routed)           0.075     0.239    u_watch/h_ten_reg[3]_1[1]
    SLICE_X71Y119        LUT5 (Prop_lut5_I0_O)        0.045     0.284 r  u_watch/s_one[1]_i_1/O
                         net (fo=1, routed)           0.000     0.284    u_watch/s_one[1]_i_1_n_0
    SLICE_X71Y119        FDCE                                         r  u_watch/s_one_reg[1]/D
  -------------------------------------------------------------------    -------------------

Slack:                    inf
  Source:                 u_setting/FSM_onehot_state_reg[3]/C
                            (rising edge-triggered cell FDCE)
  Destination:            u_setting/FSM_onehot_state_reg[2]/D
  Path Group:             (none)
  Path Type:              Min at Fast Process Corner
  Data Path Delay:        0.285ns  (logic 0.164ns (57.563%)  route 0.121ns (42.437%))
  Logic Levels:           1  (FDCE=1)

    Location             Delay type                Incr(ns)  Path(ns)    Netlist Resource(s)
  -------------------------------------------------------------------    -------------------
    SLICE_X70Y123        FDCE                         0.000     0.000 r  u_setting/FSM_onehot_state_reg[3]/C
    SLICE_X70Y123        FDCE (Prop_fdce_C_Q)         0.164     0.164 r  u_setting/FSM_onehot_state_reg[3]/Q
                         net (fo=5, routed)           0.121     0.285    u_setting/m_one
    SLICE_X70Y122        FDCE                                         r  u_setting/FSM_onehot_state_reg[2]/D
  -------------------------------------------------------------------    -------------------

Slack:                    inf
  Source:                 u_timer/h_ten_reg[2]/C
                            (rising edge-triggered cell FDCE)
  Destination:            u_timer/h_ten_reg[3]/D
  Path Group:             (none)
  Path Type:              Min at Fast Process Corner
  Data Path Delay:        0.286ns  (logic 0.186ns (64.937%)  route 0.100ns (35.063%))
  Logic Levels:           2  (FDCE=1 LUT6=1)

    Location             Delay type                Incr(ns)  Path(ns)    Netlist Resource(s)
  -------------------------------------------------------------------    -------------------
    SLICE_X82Y127        FDCE                         0.000     0.000 r  u_timer/h_ten_reg[2]/C
    SLICE_X82Y127        FDCE (Prop_fdce_C_Q)         0.141     0.141 r  u_timer/h_ten_reg[2]/Q
                         net (fo=10, routed)          0.100     0.241    u_timer/h_ten_reg_n_0_[2]
    SLICE_X83Y127        LUT6 (Prop_lut6_I3_O)        0.045     0.286 r  u_timer/h_ten[3]_i_2/O
                         net (fo=1, routed)           0.000     0.286    u_timer/h_ten[3]_i_2_n_0
    SLICE_X83Y127        FDCE                                         r  u_timer/h_ten_reg[3]/D
  -------------------------------------------------------------------    -------------------

Slack:                    inf
  Source:                 u_music/sw_prev_reg[0]/C
                            (rising edge-triggered cell FDRE)
  Destination:            u_music/song_sel_reg[0]/D
  Path Group:             (none)
  Path Type:              Min at Fast Process Corner
  Data Path Delay:        0.296ns  (logic 0.186ns (62.837%)  route 0.110ns (37.163%))
  Logic Levels:           2  (FDRE=1 LUT6=1)

    Location             Delay type                Incr(ns)  Path(ns)    Netlist Resource(s)
  -------------------------------------------------------------------    -------------------
    SLICE_X79Y118        FDRE                         0.000     0.000 r  u_music/sw_prev_reg[0]/C
    SLICE_X79Y118        FDRE (Prop_fdre_C_Q)         0.141     0.141 r  u_music/sw_prev_reg[0]/Q
                         net (fo=2, routed)           0.110     0.251    u_music/sw_prev[0]
    SLICE_X78Y118        LUT6 (Prop_lut6_I1_O)        0.045     0.296 r  u_music/song_sel[0]_i_1/O
                         net (fo=1, routed)           0.000     0.296    u_music/song_sel[0]_i_1_n_0
    SLICE_X78Y118        FDCE                                         r  u_music/song_sel_reg[0]/D
  -------------------------------------------------------------------    -------------------

Slack:                    inf
  Source:                 u_lcd/state_reg[1]/C
                            (rising edge-triggered cell FDCE)
  Destination:            u_lcd/state_reg[0]/D
  Path Group:             (none)
  Path Type:              Min at Fast Process Corner
  Data Path Delay:        0.299ns  (logic 0.186ns (62.296%)  route 0.113ns (37.704%))
  Logic Levels:           2  (FDCE=1 LUT6=1)

    Location             Delay type                Incr(ns)  Path(ns)    Netlist Resource(s)
  -------------------------------------------------------------------    -------------------
    SLICE_X81Y144        FDCE                         0.000     0.000 r  u_lcd/state_reg[1]/C
    SLICE_X81Y144        FDCE (Prop_fdce_C_Q)         0.141     0.141 f  u_lcd/state_reg[1]/Q
                         net (fo=43, routed)          0.113     0.254    u_lcd/state_reg_n_0_[1]
    SLICE_X80Y144        LUT6 (Prop_lut6_I5_O)        0.045     0.299 r  u_lcd/state[0]_i_1/O
                         net (fo=1, routed)           0.000     0.299    u_lcd/state[0]
    SLICE_X80Y144        FDCE                                         r  u_lcd/state_reg[0]/D
  -------------------------------------------------------------------    -------------------

Slack:                    inf
  Source:                 u_reaction/btn_prev_reg/C
                            (rising edge-triggered cell FDRE)
  Destination:            u_reaction/FSM_sequential_state_reg[0]/D
  Path Group:             (none)
  Path Type:              Min at Fast Process Corner
  Data Path Delay:        0.306ns  (logic 0.186ns (60.780%)  route 0.120ns (39.220%))
  Logic Levels:           2  (FDRE=1 LUT6=1)

    Location             Delay type                Incr(ns)  Path(ns)    Netlist Resource(s)
  -------------------------------------------------------------------    -------------------
    SLICE_X64Y136        FDRE                         0.000     0.000 r  u_reaction/btn_prev_reg/C
    SLICE_X64Y136        FDRE (Prop_fdre_C_Q)         0.141     0.141 r  u_reaction/btn_prev_reg/Q
                         net (fo=6, routed)           0.120     0.261    u_reaction/btn_prev
    SLICE_X65Y136        LUT6 (Prop_lut6_I2_O)        0.045     0.306 r  u_reaction/FSM_sequential_state[0]_i_1__3/O
                         net (fo=1, routed)           0.000     0.306    u_reaction/FSM_sequential_state[0]_i_1__3_n_0
    SLICE_X65Y136        FDCE                                         r  u_reaction/FSM_sequential_state_reg[0]/D
  -------------------------------------------------------------------    -------------------

Slack:                    inf
  Source:                 u_alarm_sound/FSM_sequential_state_reg[2]/C
                            (rising edge-triggered cell FDCE)
  Destination:            u_alarm_sound/alm_s_ten_reg[0]/D
  Path Group:             (none)
  Path Type:              Min at Fast Process Corner
  Data Path Delay:        0.309ns  (logic 0.186ns (60.271%)  route 0.123ns (39.729%))
  Logic Levels:           2  (FDCE=1 LUT6=1)

    Location             Delay type                Incr(ns)  Path(ns)    Netlist Resource(s)
  -------------------------------------------------------------------    -------------------
    SLICE_X77Y118        FDCE                         0.000     0.000 r  u_alarm_sound/FSM_sequential_state_reg[2]/C
    SLICE_X77Y118        FDCE (Prop_fdce_C_Q)         0.141     0.141 r  u_alarm_sound/FSM_sequential_state_reg[2]/Q
                         net (fo=13, routed)          0.123     0.264    u_alarm_sound/state__0[2]
    SLICE_X76Y118        LUT6 (Prop_lut6_I4_O)        0.045     0.309 r  u_alarm_sound/alm_s_ten[0]_i_1__0/O
                         net (fo=1, routed)           0.000     0.309    u_alarm_sound/alm_s_ten[0]_i_1__0_n_0
    SLICE_X76Y118        FDCE                                         r  u_alarm_sound/alm_s_ten_reg[0]/D
  -------------------------------------------------------------------    -------------------

Slack:                    inf
  Source:                 u_timer/s_ten_reg[1]/C
                            (rising edge-triggered cell FDCE)
  Destination:            u_timer/s_ten_reg[2]/D
  Path Group:             (none)
  Path Type:              Min at Fast Process Corner
  Data Path Delay:        0.311ns  (logic 0.186ns (59.835%)  route 0.125ns (40.165%))
  Logic Levels:           2  (FDCE=1 LUT6=1)

    Location             Delay type                Incr(ns)  Path(ns)    Netlist Resource(s)
  -------------------------------------------------------------------    -------------------
    SLICE_X81Y124        FDCE                         0.000     0.000 r  u_timer/s_ten_reg[1]/C
    SLICE_X81Y124        FDCE (Prop_fdce_C_Q)         0.141     0.141 r  u_timer/s_ten_reg[1]/Q
                         net (fo=12, routed)          0.125     0.266    u_timer/s_ten_reg_n_0_[1]
    SLICE_X80Y124        LUT6 (Prop_lut6_I0_O)        0.045     0.311 r  u_timer/s_ten[2]_i_1__1/O
                         net (fo=1, routed)           0.000     0.311    u_timer/s_ten[2]_i_1__1_n_0
    SLICE_X80Y124        FDCE                                         r  u_timer/s_ten_reg[2]/D
  -------------------------------------------------------------------    -------------------





